../Core/Src/main.c:87:6:is_usb_ready	2
../Core/Src/main.c:101:5:main	40
../Core/Src/main.c:321:6:SystemClock_Config	4
../Core/Src/main.c:369:13:MX_ADC1_Init	4
../Core/Src/main.c:425:13:MX_ADC2_Init	3
../Core/Src/main.c:472:13:MX_TIM3_Init	4
../Core/Src/main.c:517:13:MX_TIM4_Init	6
../Core/Src/main.c:574:13:MX_DMA_Init	1
../Core/Src/main.c:592:13:MX_GPIO_Init	1
../Core/Src/main.c:618:6:Update_Trigger_Level	2
../Core/Src/main.c:627:6:Update_Sampling_Rate	5
../Core/Src/main.c:664:6:Error_Handler	1
